.Op-flip : .op-flip
.Ops-flip : (flip : .op-flip) -> .ops-amb
.tag-amb : string
.tag-op-flip: string
amb : forall<a,e> (action : () -> <amb|e> a) -> e list<a>
dowait : (s : std/time/duration/duration) -> <exn,std/async/async,console> string
flip : () -> amb bool
main : () -> <exn,std/async/async,console> ()
test : () -> <amb,exn,std/async/async,console> ()