main : () -> console ()
test : () -> <asyn,console> ()