main : () -> <exn,async,console,file> ()
test : () -> <exn,async,console,file> ()