dowait : (s : std/time/duration/duration) -> <async,console> string
main : () -> <async,console> ()
test : () -> <async,console> ()