.Eff-amb : forall<a> (.ops-amb<a>) -> operation<a>
.Op-flip : forall<a> .ops-amb<a>
.copy : forall<a> (.ops-amb<a>) -> .ops-amb<a>
amb : forall<a,e> (action : () -> <amb|e> a) -> e list<a>
dowait : (s : int) -> <asyn,console> string
flip : () -> amb bool
main : () -> <exn,console> ()
test : () -> <amb,exn,asyn,console> ()