main : () -> <asyn,console> ()
test : () -> <asyn,console> ()