False,True,True,False
.Op-flip : .op-flip
.Ops-flip : (flip : .op-flip) -> .ops-amb
.tag-amb : string
.tag-op-flip: string
amb_handle : forall<a,e> () -> ((action : () -> <amb|e> a) -> e list<a>)
flip : () -> amb bool
main : () -> console ()
mmap : forall<a,b,e> ((a) -> e b, list<a>) -> e list<b>
upcast1 : () -> amb string
upcast2 : () -> string
xor : () -> amb bool
xors : () -> amb string
xorss : () -> amb string