[False,True,True,False]
.Op-flip : .op-flip
.Ops-flip : (flip : .op-flip) -> .ops-amb
.tag-amb : string
.tag-op-flip: string
amb : forall<a,e> (action : () -> <amb|e> a) -> e list<a>
flip : () -> amb bool
main : () -> console ()
xor : () -> amb bool