10
bar : () -> exn int
hs : forall<e> list<(int) -> e int>
main : () -> <exn,console> ()
myid : forall<a,e> () -> ((x : a) -> e a)