42
bar : (x : int) -> exn int
hs : forall<e> list<(int) -> e int>
main : () -> <exn,console> ()