.Op-get : forall<a> .op-get<a>
.Op-put : forall<a> (i : a) -> .op-put<a>
.Ops-get : forall<a> (get : .op-get<a>) -> .ops-state<a>
.Ops-put : forall<a> (put : .op-put<a>) -> .ops-state<a>
.extern-direct_count: () -> (state<int>) int
.tag-op-get : string
.tag-op-put : string
.tag-state : string
comp : () -> div int
count : () -> <state<int>,div> int
direct_count: () -> (state<int>) int
fib : (int) -> div int
get : forall<a> () -> (state<a>) a
main : () -> <div,console,ndet> int
n : int
put : forall<a> (i : a) -> (state<a>) ()
testD : (int) -> div int
testH : forall<a,b,e> (i0 : a, action : () -> <state<a>|e> b) -> e b