big0 : ok: 3.14159265358979323846264338328e+290
big1 : ok: 3.14159265358979323846264338328e+291
big2 : ok: 3.14159265358979323846264338328e+292
big3 : ok: 3.14159265358979323846264338328e+293
big4 : ok: 3.14159265358979323846264338328e+294
big5 : ok: 3.14159265358979323846264338328e+295
big6 : ok: 3.14159265358979323846264338328e+296
big7 : ok: 3.14159265358979323846264338328e+297
big8 : ok: 3.14159265358979323846264338328e+298
big9 : ok: 3.14159265358979323846264338328e+299
big10 : ok: 3.14159265358979323846264338328e+300
big11 : ok: 3.14159265358979323846264338328e+301
big12 : ok: 3.14159265358979323846264338328e+302
big13 : ok: 3.14159265358979323846264338328e+303
big14 : ok: 3.14159265358979323846264338328e+304
big15 : ok: 3.14159265358979323846264338328e+305
big16 : ok: 3.14159265358979323846264338328e+306
big17 : ok: 3.14159265358979323846264338328e+307
small0 : ok: -3.14159265358979323846264338328e+290
small1 : ok: -3.14159265358979323846264338328e+291
small2 : ok: -3.14159265358979323846264338328e+292
small3 : ok: -3.14159265358979323846264338328e+293
small4 : ok: -3.14159265358979323846264338328e+294
small5 : ok: -3.14159265358979323846264338328e+295
small6 : ok: -3.14159265358979323846264338328e+296
small7 : ok: -3.14159265358979323846264338328e+297
small8 : ok: -3.14159265358979323846264338328e+298
small9 : ok: -3.14159265358979323846264338328e+299
small10 : ok: -3.14159265358979323846264338328e+300
small11 : ok: -3.14159265358979323846264338328e+301
small12 : ok: -3.14159265358979323846264338328e+302
small13 : ok: -3.14159265358979323846264338328e+303
small14 : ok: -3.14159265358979323846264338328e+304
small15 : ok: -3.14159265358979323846264338328e+305
small16 : ok: -3.14159265358979323846264338328e+306
small17 : ok: -3.14159265358979323846264338328e+307
show1 : ok: 0.1000000000000000055511151231258
show2 : ok: 0.1
prec1a : ok: 5.123456000000000010174971976085
prec1b : ok: 5.1235
prec1c : ok: 5.1
prec1d : ok: 5
prec2 : ok: 0.0001230000000000000081983031474664
prec2 : ok: 0.00012300
prec2 : ok: 0.00012
e : ok: 2.718281828459045235360287471353, err: 0 ulp
pi-mach : ok: 3.141592653589793238462643383279, err: 2.00 ulp
borwein : ok: 3.14159265358979323846264338328
pi-sb : ok: 3.141592653589793238462643383279
log2 : ok: 0.6931471805599453094172321214582, err: 0.375 ulp
exp1 : ok: 7.389056098930650227230427460575
exp2 : ok: 7.389056098930650227230427460575
exp3 : ok: 7.389056098930650227230427460575
add1 : ok: 9007199254740992 vs. 9007199254740993
pow1 : ok: 1e+31
mul1a : ok: 1.5241578753238668e+28 vs. 1.524157875323866912056239902500e+28
mul1b : ok: 1.5241578753238668e+28 vs. 1.5241578753238669120562399025e+28
max : ok: 1.797693134862315807937289714053e+308