result : 3.1478420487490042523588526549455e-16
exact : 3.14784204874900425235885265494550774498...e-16
128-bit posit: 3.14784204874900425235885265494550774439e-16
128-bit ieee : 3.63481490842332134725920516158057682788e-16