frexp1 : ok: 0.625, 4
fr/ld 1: ok: 1.00000000000000000000e+1 == ldexp(0.625, 4 )
fr/ld 1: ok: 1.00000000000000005551e-1 == ldexp(0.80000000000000004, -3 )
fr/ld 3: ok: 1.48219693752373963253e-323 == ldexp(0.75, -1072 )
fr/ld 4: ok: 4.94065645841246544177e-324 == ldexp(0.5, -1073 )
fr/ld 5: ok: 2.22507385850720138309e-308 == ldexp(0.5, -1021 )
fr/ld 6: ok: 1.79769313486231570815e+308 == ldexp(0.99999999999999989, 1024 )
fr/ld 7: ok: -1.79769313486231570815e+308 == ldexp(-0.99999999999999989, 1024 )
kahan : ok: 2000