tz1: ok
tz2: ok
tz3a: ok
tz3b: ok
tz3c: ok
tz4a: ok
tz4b: ok
tz4c: ok
tz4d: ok
tz4e: ok
tzleap1: ok
tzleap2: ok
tzleap3: ok
tzround1: ok
tzround2: ok
tzroundleap1: ok
tzroundleap2: ok
julian1: ok