load UT1 calendar
sofa-ut1 : ok: 2006-01-15T21:24:37.834075267Z UT1
leap-ut1a : ok: 2012-06-30T23:59:57.413235998Z UT1
leap-ut1b : ok: 2012-06-30T23:59:58.413235999Z UT1
leap-ut1c : ok: 2012-06-30T23:59:59.413235999Z UT1
leap-ut1d : ok: 2012-07-01T00:00:00.412236Z UT1
leap-ut1e : ok: 2012-07-01T00:00:00.413236Z UT1
leap-ut1f : ok: 2012-07-01T00:00:01.413236002Z UT1