test/algeff/wrong/ops1.kk(44, 3): error: operator flip is not part of the handled effect