main : forall<a> () -> pure (a, ())
omega : () -> div ()